../Core/Src/main.c:84:5:main	8	static
../Core/Src/main.c:141:6:SystemClock_Config	120	static
../Core/Src/main.c:194:13:MX_ADC_Init	16	static
../Core/Src/main.c:283:13:MX_I2C1_Init	8	static
../Core/Src/main.c:329:13:MX_LPUART1_UART_Init	8	static
../Core/Src/main.c:363:13:MX_RTC_Init	32	static
../Core/Src/main.c:426:13:MX_SPI1_Init	8	static
../Core/Src/main.c:464:13:MX_TIM2_Init	32	static
../Core/Src/main.c:517:13:MX_TIM21_Init	32	static
../Core/Src/main.c:570:13:MX_TIM22_Init	32	static
../Core/Src/main.c:619:13:MX_GPIO_Init	48	static
../Core/Src/main.c:670:6:Error_Handler	8	static,ignoring_inline_asm
