../Core/Src/stm32l0xx_hal_msp.c:65:6:HAL_MspInit	8	static
../Core/Src/stm32l0xx_hal_msp.c:87:6:HAL_ADC_MspInit	56	static
../Core/Src/stm32l0xx_hal_msp.c:130:6:HAL_ADC_MspDeInit	16	static
../Core/Src/stm32l0xx_hal_msp.c:164:6:HAL_I2C_MspInit	48	static
../Core/Src/stm32l0xx_hal_msp.c:200:6:HAL_I2C_MspDeInit	16	static
../Core/Src/stm32l0xx_hal_msp.c:231:6:HAL_UART_MspInit	48	static
../Core/Src/stm32l0xx_hal_msp.c:267:6:HAL_UART_MspDeInit	16	static
../Core/Src/stm32l0xx_hal_msp.c:296:6:HAL_RTC_MspInit	16	static
../Core/Src/stm32l0xx_hal_msp.c:318:6:HAL_RTC_MspDeInit	16	static
../Core/Src/stm32l0xx_hal_msp.c:340:6:HAL_SPI_MspInit	56	static
../Core/Src/stm32l0xx_hal_msp.c:386:6:HAL_SPI_MspDeInit	16	static
../Core/Src/stm32l0xx_hal_msp.c:419:6:HAL_TIM_OC_MspInit	16	static
../Core/Src/stm32l0xx_hal_msp.c:457:6:HAL_TIM_MspPostInit	64	static
../Core/Src/stm32l0xx_hal_msp.c:540:6:HAL_TIM_OC_MspDeInit	16	static
